// Jest Snapshot v1, https://goo.gl/fbAQLP

exports[`Article should match default snapshot 1`] = `
<div
  className="article"
>
  Hello
</div>
`;
