// Jest Snapshot v1, https://goo.gl/fbAQLP

exports[`Footer should match default snapshot 1`] = `
<footer>
  <center>
    Hello
  </center>
</footer>
`;
