// Jest Snapshot v1, https://goo.gl/fbAQLP

exports[`CardBody should match default snapshot 1`] = `
<div
  className="card-body"
>
  Hello
</div>
`;
