// Jest Snapshot v1, https://goo.gl/fbAQLP

exports[`Card should match default snapshot 1`] = `
<div
  className="card"
>
  Hello
</div>
`;
