// Jest Snapshot v1, https://goo.gl/fbAQLP

exports[`CardHeader should match default snapshot 1`] = `
<div
  className="card-header"
>
  Hello
</div>
`;
